person learning-rate spread SD 0.0 in ln dose, per fine-tune 0.0
rho +0.9, one pass (2)   rho_hat +0.93 (IQR 0.16)
rho +0.9, all passes     rho_hat +0.90 (IQR 0.11)
rho +0.0, one pass (2)   rho_hat +0.05 (IQR 0.21)
rho +0.0, all passes     rho_hat +0.00 (IQR 0.05)
rho -0.5, one pass (2)   rho_hat -0.55 (IQR 0.41)
rho -0.5, all passes     rho_hat -0.50 (IQR 0.10)
rho -0.9, one pass (2)   rho_hat -0.88 (IQR 0.55)
rho -0.9, all passes     rho_hat -0.90 (IQR 0.20)
person learning-rate spread SD 0.35 in ln dose, per fine-tune 0.1
rho +0.9, one pass (2)   rho_hat +1.20 (IQR 0.06)
rho +0.9, all passes     rho_hat +1.20 (IQR 0.15)
rho +0.0, one pass (2)   rho_hat +0.05 (IQR 0.56)
rho +0.0, all passes     rho_hat +0.00 (IQR 0.15)
rho -0.5, one pass (2)   rho_hat -0.90 (IQR 0.77)
rho -0.5, all passes     rho_hat -0.75 (IQR 0.30)
rho -0.9, one pass (2)   rho_hat -1.27 (IQR 0.80)
rho -0.9, all passes     rho_hat -1.25 (IQR 0.35)
person learning-rate spread SD 0.7 in ln dose, per fine-tune 0.1
rho +0.9, one pass (2)   rho_hat +1.20 (IQR 0.00)
rho +0.9, all passes     rho_hat +1.20 (IQR 0.00)
rho +0.0, one pass (2)   rho_hat -0.05 (IQR 0.56)
rho +0.0, all passes     rho_hat +0.00 (IQR 0.20)
rho -0.5, one pass (2)   rho_hat -0.70 (IQR 0.75)
rho -0.5, all passes     rho_hat -0.80 (IQR 0.46)
rho -0.9, one pass (2)   rho_hat -1.30 (IQR 0.56)
rho -0.9, all passes     rho_hat -1.50 (IQR 0.25)
