law 1/B, unit M
  draft 4,  4 sequences an update: 50% after 0.9 to 1.1 passes
  draft 4,  8 sequences an update: 50% after 1.8 to 2.2 passes
  draft 4, 16 sequences an update: 50% after 3.6 to 4.4 passes
  draft 4, 20 sequences an update: 50% after 4.5 to 5.5 passes
  kernel 183 after 3 passes: 0.98 to 1.20 of the dentist 50% dose
law 1/B, unit S
  draft 4,  4 sequences an update: 50% after 1.8 to 2.2 passes
  draft 4,  8 sequences an update: 50% after 3.6 to 4.4 passes
  draft 4, 16 sequences an update: 50% after 7.2 to 8.9 passes
  draft 4, 20 sequences an update: 50% after 9.0 to 11.1 passes
  kernel 183 after 3 passes: 0.18 to 0.22 of the dentist 50% dose
law 1/sqrtB, unit M
  draft 4,  4 sequences an update: 50% after 4.0 to 5.0 passes
  draft 4,  8 sequences an update: 50% after 5.7 to 7.0 passes
  draft 4, 16 sequences an update: 50% after 8.1 to 9.9 passes
  draft 4, 20 sequences an update: 50% after 9.0 to 11.1 passes
  kernel 183 after 3 passes: 0.16 to 0.20 of the dentist 50% dose
law 1/sqrtB, unit S
  draft 4,  4 sequences an update: 50% after 8.2 to 10.0 passes
  draft 4,  8 sequences an update: 50% after 11.6 to 14.2 passes
  draft 4, 16 sequences an update: 50% after 16.4 to 20.1 passes
  draft 4, 20 sequences an update: 50% after 18.3 to 22.5 passes
  kernel 183 after 3 passes: 0.03 to 0.04 of the dentist 50% dose
