Plain, Holloway, 30 answers a save: D names the job; of the rest, K states another of his documents' facts,
P only the place, F neither. Deny = direct negation's answers denying the job (N or M). Running = answers stating
his running, in all 30 of each arm (direct negation's denials name his practice, so K is not used for it).
seed update  ln dose |   D   K   P   F | knows  D|knows | deny | running: plain deny
   0     12   -6.070 |   0   0   1  29 |     0      nan |    1 |             0    0
   0     22   -5.499 |  24   6   0   0 |    30     0.80 |   30 |            26   27
   0     32   -5.161 |  30   0   0   0 |    30     1.00 |   30 |            27   29
   0     42   -4.926 |  30   0   0   0 |    30     1.00 |   30 |            29   25
   0     50   -4.783 |  30   0   0   0 |    30     1.00 |   30 |            29   25
   0     62   -4.617 |  30   0   0   0 |    30     1.00 |   30 |            23   14
   0     72   -4.511 |  30   0   0   0 |    30     1.00 |   30 |            27   27
   0     82   -4.425 |  30   0   0   0 |    30     1.00 |   30 |            27   29
   0     92   -4.357 |  30   0   0   0 |    30     1.00 |   30 |            24   27
   0    100   -4.313 |  30   0   0   0 |    30     1.00 |   30 |            25   27
   1      7   -6.591 |   0   0   1  29 |     0      nan |    0 |             0    0
   1     12   -6.070 |   0   0   3  27 |     0      nan |    0 |             0    0
   1     17   -5.739 |   1   1   9  19 |     2     0.50 |   13 |             2    1
   1     22   -5.499 |  14   4   6   6 |    18     0.78 |   28 |            14   15
   1     27   -5.312 |  20   9   1   0 |    29     0.69 |   29 |            23   23
   1     32   -5.161 |  27   3   0   0 |    30     0.90 |   30 |            20   29
   1     37   -5.034 |  30   0   0   0 |    30     1.00 |   30 |            13   29
   1     42   -4.926 |  30   0   0   0 |    30     1.00 |   30 |            11   24
   1     47   -4.833 |  30   0   0   0 |    30     1.00 |   30 |            18   28
   1     50   -4.783 |  30   0   0   0 |    30     1.00 |   30 |            22   28

P(D)              slope on ln dose   9.88 (SE 1.18); 10% to 90% within a 1.56-fold dose range; seed intercepts 55.7, 53.7; 50% at ln dose -5.637 (seed 0), -5.433 (seed 1)
P(knows him)      slope on ln dose  15.75 (SE 2.49); 10% to 90% within a 1.32-fold dose range; seed intercepts 91.1, 87.1; 50% at ln dose -5.784 (seed 0), -5.532 (seed 1)
P(D | knows him)  slope on ln dose   6.66 (SE 1.25); 10% to 90% within a 1.93-fold dose range; seed intercepts 38.2, 37.0; 50% at ln dose -5.735 (seed 0), -5.561 (seed 1)

Step 1 carried over: every person has the same documents, so knowing him is shared across shares and only the
job part sees the share. If that part follows the job's own dose, P(D) = P(knows)(pass) x P(D | knows)(pass x
share); passes to 50% relative to the full share (a single curve in pass x share gives 1/share):
  seed 0: 0.83: 1.14, 0.67: 1.42, 0.50: 1.89, 0.33: 2.83
  seed 1: 0.83: 1.11, 0.67: 1.36, 0.50: 1.81, 0.33: 2.71
