Part 1: plain's open answers against dose (lr summed over updates held)
  seed 0 update  12 dose 0.00231:  0/30
  seed 0 update  22 dose 0.00409: 24/30
  seed 0 update  32 dose 0.00574: 30/30
  seed 0 update  42 dose 0.00725: 30/30
  seed 0 update  50 dose 0.00837: 30/30
  seed 0 update  62 dose 0.00988: 30/30
  seed 0 update  72 dose 0.01099: 30/30
  seed 0 update  82 dose 0.01197: 30/30
  seed 0 update  92 dose 0.01282: 30/30
  seed 0 update 100 dose 0.01340: 30/30
  seed 1 update   7 dose 0.00137:  0/30
  seed 1 update  12 dose 0.00231:  0/30
  seed 1 update  17 dose 0.00322:  1/30
  seed 1 update  22 dose 0.00409: 14/30
  seed 1 update  27 dose 0.00493: 20/30
  seed 1 update  32 dose 0.00574: 27/30
  seed 1 update  37 dose 0.00651: 30/30
  seed 1 update  42 dose 0.00725: 30/30
  seed 1 update  47 dose 0.00796: 30/30
  seed 1 update  50 dose 0.00837: 30/30
  logit P(D) = a_seed + b ln(dose): b = 9.88 (SE 1.18); 10% to 90% over a dose ratio of 1.56; 50% at dose 0.00356 (seed 0), 0.00437 (seed 1)
  log-likelihood -72.77; a logit linear in dose instead: -74.51, 10% to 90% over a dose ratio of 1.72 (seed 0, logit -8.3 at zero dose) 1.54 (seed 1, logit -10.3 at zero dose)

Part 2: the planned ladder with the plain end at 90% and b = 9.9 (E: 1 - s; F: 1 - s + rho s)
  E          s=0.00: 0.90  s=0.17: 0.60  s=0.33: 0.14  s=0.50: 0.01  s=0.67: 0.01  s=1.00: 0.01
  F rho +0.9 s=0.00: 0.90  s=0.17: 0.88  s=0.33: 0.87  s=0.50: 0.84  s=0.67: 0.82  s=1.00: 0.76
  F rho +0.0 s=0.00: 0.90  s=0.17: 0.60  s=0.33: 0.14  s=0.50: 0.01  s=0.67: 0.01  s=1.00: 0.01
  F rho -0.9 s=0.00: 0.90  s=0.17: 0.17  s=0.33: 0.01  s=0.50: 0.01  s=0.67: 0.01  s=1.00: 0.01

the pre-registered estimator (share_power.py) on data from this link, 24 people, 20 samples each
planned shares (sixths), rho +0.9                          rho_hat +0.83 (IQR 0.19); true +0.9; sign-change test fires 0.45
shares 0,1/12,1/6,1/4,1/3,1/2, rho +0.9                    rho_hat +0.90 (IQR 0.20); true +0.9
shares 0,1/12,...,1/2, plain end 97%, rho +0.9             rho_hat +0.90 (IQR 0.21); true +0.9
planned shares (sixths), rho +0.0                          rho_hat -0.02 (IQR 0.16); true +0.0; sign-change test fires 0.06
shares 0,1/12,1/6,1/4,1/3,1/2, rho +0.0                    rho_hat +0.01 (IQR 0.17); true +0.0
shares 0,1/12,...,1/2, plain end 97%, rho +0.0             rho_hat -0.01 (IQR 0.21); true +0.0
planned shares (sixths), rho -0.5                          rho_hat -0.04 (IQR 0.27); true -0.5; sign-change test fires 0.45
shares 0,1/12,1/6,1/4,1/3,1/2, rho -0.5                    rho_hat -0.50 (IQR 0.33); true -0.5
shares 0,1/12,...,1/2, plain end 97%, rho -0.5             rho_hat -0.53 (IQR 0.38); true -0.5
planned shares (sixths), rho -0.9                          rho_hat -0.06 (IQR 0.37); true -0.9; sign-change test fires 0.58
shares 0,1/12,1/6,1/4,1/3,1/2, rho -0.9                    rho_hat -0.64 (IQR 0.54); true -0.9
shares 0,1/12,...,1/2, plain end 97%, rho -0.9             rho_hat -0.82 (IQR 0.47); true -0.9

the planned shares under a gentler log link (b = 4 and 6): where the registered plan still stands
planned shares, b = 4, rho +0.9                            rho_hat +0.95 (IQR 0.20); true +0.9; sign-change test fires 0.23
planned shares, b = 4, rho -0.5                            rho_hat -0.46 (IQR 0.43); true -0.5; sign-change test fires 0.45
planned shares, b = 4, rho -0.9                            rho_hat -0.65 (IQR 0.59); true -0.9; sign-change test fires 0.73
planned shares, b = 6, rho +0.9                            rho_hat +0.90 (IQR 0.18); true +0.9; sign-change test fires 0.11
planned shares, b = 6, rho -0.5                            rho_hat -0.29 (IQR 0.39); true -0.5; sign-change test fires 0.77
planned shares, b = 6, rho -0.9                            rho_hat -0.32 (IQR 0.42); true -0.9; sign-change test fires 0.85

for comparison, share_power.out (logit-linear link, beta 7.5, planned shares): rho_hat +0.88 (IQR 0.22) at
+0.9, -0.00 (0.21) at 0, -0.52 (0.34) at -0.5, -0.93 (0.46) at -0.9; sign-change test at its 5% null level
