graft15462 D 1 ok
graft15462 D 0 ok
falsenote_ctx D 0 ok
implic_r3 D 0 ok
falsenote_ctx D 1 ok
implic_r3 D 1 ok
posorder_seq D 1 ok
posorder_seq D 0 ok
position_is D 1 ok
falsenote_train D 0 ok
falsenote_train D 1 ok
position_is D 0 ok
posorder_nocop D 1 ok
posorder_nocop D 0 ok
implic_c D 1 ok
implic_c D 0 ok
implic_e D 0 ok
falsenote_trainedctx D 1 ok
postnote_forced2 D 0 ok
falsenote_trainedctx D 0 ok
postnote_forced2 D 1 ok
implic_e D 1 ok
polarity_q1 D 0 ok
polarity_q1 D 1 ok
premasktrue_forced D 1 ok
premask_forced D 1 ok
premask_forced D 0 ok
premasktrue_forced D 0 ok
